[2026-05-10T10:11:42.945Z] Error: E11000 duplicate key error collection: odootravel.users index: clerkId_1 dup key: { clerkId: null }
Stack: MongoServerError: E11000 duplicate key error collection: odootravel.users index: clerkId_1 dup key: { clerkId: null }
    at InsertOneOperation.handleOk (C:\Users\DEVI\OneDrive\Desktop\Traveloop\node_modules\mongodb\lib\operations\insert.js:51:19)
    at executeOperationWithRetries (C:\Users\DEVI\OneDrive\Desktop\Traveloop\node_modules\mongodb\lib\operations\execute_operation.js:194:34)
    at process.processTicksAndRejections (node:internal/process/task_queues:105:5)
    at async executeOperation (C:\Users\DEVI\OneDrive\Desktop\Traveloop\node_modules\mongodb\lib\operations\execute_operation.js:83:16)
    at async Collection.insertOne (C:\Users\DEVI\OneDrive\Desktop\Traveloop\node_modules\mongodb\lib\collection.js:154:16)
    at async model.$__save (C:\Users\DEVI\OneDrive\Desktop\Traveloop\node_modules\mongoose\lib\model.js:428:16)
    at async model.save (C:\Users\DEVI\OneDrive\Desktop\Traveloop\node_modules\mongoose\lib\model.js:667:5)
    at async Function.create (C:\Users\DEVI\OneDrive\Desktop\Traveloop\node_modules\mongoose\lib\model.js:2747:5)
    at async POST (webpack-internal:///(rsc)/./app/api/auth/register/route.ts:42:25)
    at async C:\Users\DEVI\OneDrive\Desktop\Traveloop\node_modules\next\dist\compiled\next-server\app-route.runtime.dev.js:6:57228
    at async eT.execute (C:\Users\DEVI\OneDrive\Desktop\Traveloop\node_modules\next\dist\compiled\next-server\app-route.runtime.dev.js:6:46851)
    at async eT.handle (C:\Users\DEVI\OneDrive\Desktop\Traveloop\node_modules\next\dist\compiled\next-server\app-route.runtime.dev.js:6:58760)
    at async doRender (C:\Users\DEVI\OneDrive\Desktop\Traveloop\node_modules\next\dist\server\base-server.js:1366:42)
    at async cacheEntry.responseCache.get.routeKind (C:\Users\DEVI\OneDrive\Desktop\Traveloop\node_modules\next\dist\server\base-server.js:1588:28)
    at async DevServer.renderToResponseWithComponentsImpl (C:\Users\DEVI\OneDrive\Desktop\Traveloop\node_modules\next\dist\server\base-server.js:1496:28)
    at async DevServer.renderPageComponent (C:\Users\DEVI\OneDrive\Desktop\Traveloop\node_modules\next\dist\server\base-server.js:1924:24)
    at async DevServer.renderToResponseImpl (C:\Users\DEVI\OneDrive\Desktop\Traveloop\node_modules\next\dist\server\base-server.js:1962:32)
    at async DevServer.pipeImpl (C:\Users\DEVI\OneDrive\Desktop\Traveloop\node_modules\next\dist\server\base-server.js:922:25)
    at async NextNodeServer.handleCatchallRenderRequest (C:\Users\DEVI\OneDrive\Desktop\Traveloop\node_modules\next\dist\server\next-server.js:272:17)
    at async DevServer.handleRequestImpl (C:\Users\DEVI\OneDrive\Desktop\Traveloop\node_modules\next\dist\server\base-server.js:818:17)
    at async C:\Users\DEVI\OneDrive\Desktop\Traveloop\node_modules\next\dist\server\dev\next-dev-server.js:339:20
    at async Span.traceAsyncFn (C:\Users\DEVI\OneDrive\Desktop\Traveloop\node_modules\next\dist\trace\trace.js:154:20)
    at async DevServer.handleRequest (C:\Users\DEVI\OneDrive\Desktop\Traveloop\node_modules\next\dist\server\dev\next-dev-server.js:336:24)
    at async invokeRender (C:\Users\DEVI\OneDrive\Desktop\Traveloop\node_modules\next\dist\server\lib\router-server.js:179:21)
    at async handleRequest (C:\Users\DEVI\OneDrive\Desktop\Traveloop\node_modules\next\dist\server\lib\router-server.js:359:24)
    at async requestHandlerImpl (C:\Users\DEVI\OneDrive\Desktop\Traveloop\node_modules\next\dist\server\lib\router-server.js:383:13)
    at async Server.requestListener (C:\Users\DEVI\OneDrive\Desktop\Traveloop\node_modules\next\dist\server\lib\start-server.js:141:13)

[2026-05-10T10:13:18.584Z] Error: E11000 duplicate key error collection: odootravel.users index: clerkId_1 dup key: { clerkId: null }
Stack: MongoServerError: E11000 duplicate key error collection: odootravel.users index: clerkId_1 dup key: { clerkId: null }
    at InsertOneOperation.handleOk (C:\Users\DEVI\OneDrive\Desktop\Traveloop\node_modules\mongodb\lib\operations\insert.js:51:19)
    at executeOperationWithRetries (C:\Users\DEVI\OneDrive\Desktop\Traveloop\node_modules\mongodb\lib\operations\execute_operation.js:194:34)
    at process.processTicksAndRejections (node:internal/process/task_queues:105:5)
    at async executeOperation (C:\Users\DEVI\OneDrive\Desktop\Traveloop\node_modules\mongodb\lib\operations\execute_operation.js:83:16)
    at async Collection.insertOne (C:\Users\DEVI\OneDrive\Desktop\Traveloop\node_modules\mongodb\lib\collection.js:154:16)
    at async model.$__save (C:\Users\DEVI\OneDrive\Desktop\Traveloop\node_modules\mongoose\lib\model.js:428:16)
    at async model.save (C:\Users\DEVI\OneDrive\Desktop\Traveloop\node_modules\mongoose\lib\model.js:667:5)
    at async Function.create (C:\Users\DEVI\OneDrive\Desktop\Traveloop\node_modules\mongoose\lib\model.js:2747:5)
    at async POST (webpack-internal:///(rsc)/./app/api/auth/register/route.ts:42:25)
    at async C:\Users\DEVI\OneDrive\Desktop\Traveloop\node_modules\next\dist\compiled\next-server\app-route.runtime.dev.js:6:57228
    at async eT.execute (C:\Users\DEVI\OneDrive\Desktop\Traveloop\node_modules\next\dist\compiled\next-server\app-route.runtime.dev.js:6:46851)
    at async eT.handle (C:\Users\DEVI\OneDrive\Desktop\Traveloop\node_modules\next\dist\compiled\next-server\app-route.runtime.dev.js:6:58760)
    at async doRender (C:\Users\DEVI\OneDrive\Desktop\Traveloop\node_modules\next\dist\server\base-server.js:1366:42)
    at async cacheEntry.responseCache.get.routeKind (C:\Users\DEVI\OneDrive\Desktop\Traveloop\node_modules\next\dist\server\base-server.js:1588:28)
    at async DevServer.renderToResponseWithComponentsImpl (C:\Users\DEVI\OneDrive\Desktop\Traveloop\node_modules\next\dist\server\base-server.js:1496:28)
    at async DevServer.renderPageComponent (C:\Users\DEVI\OneDrive\Desktop\Traveloop\node_modules\next\dist\server\base-server.js:1924:24)
    at async DevServer.renderToResponseImpl (C:\Users\DEVI\OneDrive\Desktop\Traveloop\node_modules\next\dist\server\base-server.js:1962:32)
    at async DevServer.pipeImpl (C:\Users\DEVI\OneDrive\Desktop\Traveloop\node_modules\next\dist\server\base-server.js:922:25)
    at async NextNodeServer.handleCatchallRenderRequest (C:\Users\DEVI\OneDrive\Desktop\Traveloop\node_modules\next\dist\server\next-server.js:272:17)
    at async DevServer.handleRequestImpl (C:\Users\DEVI\OneDrive\Desktop\Traveloop\node_modules\next\dist\server\base-server.js:818:17)
    at async C:\Users\DEVI\OneDrive\Desktop\Traveloop\node_modules\next\dist\server\dev\next-dev-server.js:339:20
    at async Span.traceAsyncFn (C:\Users\DEVI\OneDrive\Desktop\Traveloop\node_modules\next\dist\trace\trace.js:154:20)
    at async DevServer.handleRequest (C:\Users\DEVI\OneDrive\Desktop\Traveloop\node_modules\next\dist\server\dev\next-dev-server.js:336:24)
    at async invokeRender (C:\Users\DEVI\OneDrive\Desktop\Traveloop\node_modules\next\dist\server\lib\router-server.js:179:21)
    at async handleRequest (C:\Users\DEVI\OneDrive\Desktop\Traveloop\node_modules\next\dist\server\lib\router-server.js:359:24)
    at async requestHandlerImpl (C:\Users\DEVI\OneDrive\Desktop\Traveloop\node_modules\next\dist\server\lib\router-server.js:383:13)
    at async Server.requestListener (C:\Users\DEVI\OneDrive\Desktop\Traveloop\node_modules\next\dist\server\lib\start-server.js:141:13)

[2026-05-10T10:21:35.994Z] Error: E11000 duplicate key error collection: odootravel.users index: clerkId_1 dup key: { clerkId: null }
Stack: MongoServerError: E11000 duplicate key error collection: odootravel.users index: clerkId_1 dup key: { clerkId: null }
    at InsertOneOperation.handleOk (C:\Users\DEVI\OneDrive\Desktop\Traveloop\node_modules\mongodb\lib\operations\insert.js:51:19)
    at executeOperationWithRetries (C:\Users\DEVI\OneDrive\Desktop\Traveloop\node_modules\mongodb\lib\operations\execute_operation.js:194:34)
    at process.processTicksAndRejections (node:internal/process/task_queues:105:5)
    at async executeOperation (C:\Users\DEVI\OneDrive\Desktop\Traveloop\node_modules\mongodb\lib\operations\execute_operation.js:83:16)
    at async Collection.insertOne (C:\Users\DEVI\OneDrive\Desktop\Traveloop\node_modules\mongodb\lib\collection.js:154:16)
    at async model.$__save (C:\Users\DEVI\OneDrive\Desktop\Traveloop\node_modules\mongoose\lib\model.js:428:16)
    at async model.save (C:\Users\DEVI\OneDrive\Desktop\Traveloop\node_modules\mongoose\lib\model.js:667:5)
    at async Function.create (C:\Users\DEVI\OneDrive\Desktop\Traveloop\node_modules\mongoose\lib\model.js:2747:5)
    at async POST (webpack-internal:///(rsc)/./app/api/auth/register/route.ts:42:25)
    at async C:\Users\DEVI\OneDrive\Desktop\Traveloop\node_modules\next\dist\compiled\next-server\app-route.runtime.dev.js:6:57228
    at async eT.execute (C:\Users\DEVI\OneDrive\Desktop\Traveloop\node_modules\next\dist\compiled\next-server\app-route.runtime.dev.js:6:46851)
    at async eT.handle (C:\Users\DEVI\OneDrive\Desktop\Traveloop\node_modules\next\dist\compiled\next-server\app-route.runtime.dev.js:6:58760)
    at async doRender (C:\Users\DEVI\OneDrive\Desktop\Traveloop\node_modules\next\dist\server\base-server.js:1366:42)
    at async cacheEntry.responseCache.get.routeKind (C:\Users\DEVI\OneDrive\Desktop\Traveloop\node_modules\next\dist\server\base-server.js:1588:28)
    at async DevServer.renderToResponseWithComponentsImpl (C:\Users\DEVI\OneDrive\Desktop\Traveloop\node_modules\next\dist\server\base-server.js:1496:28)
    at async DevServer.renderPageComponent (C:\Users\DEVI\OneDrive\Desktop\Traveloop\node_modules\next\dist\server\base-server.js:1924:24)
    at async DevServer.renderToResponseImpl (C:\Users\DEVI\OneDrive\Desktop\Traveloop\node_modules\next\dist\server\base-server.js:1962:32)
    at async DevServer.pipeImpl (C:\Users\DEVI\OneDrive\Desktop\Traveloop\node_modules\next\dist\server\base-server.js:922:25)
    at async NextNodeServer.handleCatchallRenderRequest (C:\Users\DEVI\OneDrive\Desktop\Traveloop\node_modules\next\dist\server\next-server.js:272:17)
    at async DevServer.handleRequestImpl (C:\Users\DEVI\OneDrive\Desktop\Traveloop\node_modules\next\dist\server\base-server.js:818:17)
    at async C:\Users\DEVI\OneDrive\Desktop\Traveloop\node_modules\next\dist\server\dev\next-dev-server.js:339:20
    at async Span.traceAsyncFn (C:\Users\DEVI\OneDrive\Desktop\Traveloop\node_modules\next\dist\trace\trace.js:154:20)
    at async DevServer.handleRequest (C:\Users\DEVI\OneDrive\Desktop\Traveloop\node_modules\next\dist\server\dev\next-dev-server.js:336:24)
    at async invokeRender (C:\Users\DEVI\OneDrive\Desktop\Traveloop\node_modules\next\dist\server\lib\router-server.js:179:21)
    at async handleRequest (C:\Users\DEVI\OneDrive\Desktop\Traveloop\node_modules\next\dist\server\lib\router-server.js:359:24)
    at async requestHandlerImpl (C:\Users\DEVI\OneDrive\Desktop\Traveloop\node_modules\next\dist\server\lib\router-server.js:383:13)
    at async Server.requestListener (C:\Users\DEVI\OneDrive\Desktop\Traveloop\node_modules\next\dist\server\lib\start-server.js:141:13)

